// Jest Snapshot v1, https://goo.gl/fbAQLP

exports[`should render ExpenseList with empty message 1`] = `
<div>
  <h1>
    Expense List
  </h1>
  <p>
    No Expenses
  </p>
</div>
`;

exports[`should render Expenselist with expenses 1`] = `
<div>
  <h1>
    Expense List
  </h1>
  <Connect(ExpenseListItem)
    amount={54500}
    createdAt={0}
    description="rent"
    id="1"
    key="1"
    note="This is january month rent"
  />
  <Connect(ExpenseListItem)
    amount={109500}
    createdAt={-345600000}
    description="test2"
    id="2"
    key="2"
    note=""
  />
  <Connect(ExpenseListItem)
    amount={10500}
    createdAt={345600000}
    description="test3"
    id="3"
    key="3"
    note=""
  />
</div>
`;
